#-----------------------------------------------------------
# Vivado v2024.1 (64-bit)
# SW Build 5076996 on Wed May 22 18:36:09 MDT 2024
# IP Build 5075265 on Wed May 22 21:45:21 MDT 2024
# SharedData Build 5076995 on Wed May 22 18:29:18 MDT 2024
# Start of session at: Sat Feb  8 15:46:53 2025
# Process ID: 54544
# Current directory: /home/danny/alchitry/teensy_spi/cores/managed_ip_project/managed_ip_project.runs/clk_300mhz_synth_1
# Command line: vivado -log clk_300mhz.vds -product Vivado -mode batch -messageDb vivado.pb -notrace -source clk_300mhz.tcl
# Log file: /home/danny/alchitry/teensy_spi/cores/managed_ip_project/managed_ip_project.runs/clk_300mhz_synth_1/clk_300mhz.vds
# Journal file: /home/danny/alchitry/teensy_spi/cores/managed_ip_project/managed_ip_project.runs/clk_300mhz_synth_1/vivado.jou
# Running On        :DannysLMDE
# Platform          :Linuxmint
# Operating System  :LMDE 6 (faye)
# Processor Detail  :AMD Ryzen 7 7800X3D 8-Core Processor
# CPU Frequency     :4038.257 MHz
# CPU Physical cores:8
# CPU Logical cores :16
# Host memory       :32709 MB
# Swap memory       :0 MB
# Total Virtual     :32709 MB
# Available Virtual :28509 MB
#-----------------------------------------------------------
source clk_300mhz.tcl -notrace
